#-----------------------------------------------------------
# Vivado v2016.4 (64-bit)
# SW Build 1756540 on Mon Jan 23 19:11:23 MST 2017
# IP Build 1755317 on Mon Jan 23 20:30:07 MST 2017
# Start of session at: Sat Nov 25 10:46:39 2023
# Process ID: 17196
# Current directory: C:/Users/40756/Desktop/ALU - SSC
# Command line: vivado.exe -gui_launcher_event rodinguilauncherevent15644 C:\Users\40756\Desktop\ALU - SSC\ALU - SSC.xpr
# Log file: C:/Users/40756/Desktop/ALU - SSC/vivado.log
# Journal file: C:/Users/40756/Desktop/ALU - SSC\vivado.jou
#-----------------------------------------------------------
start_gui
open_project {C:/Users/40756/Desktop/ALU - SSC/ALU - SSC.xpr}
remove_files  {{C:/Users/40756/Desktop/ALU - SSC/ALU - SSC.srcs/sources_1/new/Multiplier.vhd}}
file delete -force {C:/Users/40756/Desktop/ALU - SSC/ALU - SSC.srcs/sources_1/new/Multiplier.vhd}
launch_simulation
source CLA_TestBench.tcl
set_property -name {xsim.simulate.runtime} -value {1000ns} -objects [get_filesets sim_1]
close_sim
launch_simulation
source CLA_TestBench.tcl
close_sim
launch_simulation
source CLA_TestBench.tcl
close_sim
launch_simulation
source CLA_TestBench.tcl
set_property -name {xsim.simulate.runtime} -value {100ns} -objects [get_filesets sim_1]
close_sim
launch_simulation
source CLA_TestBench.tcl
close_sim
launch_simulation
source CLA_TestBench.tcl
close [ open {C:/Users/40756/Desktop/ALU - SSC/ALU - SSC.srcs/sources_1/new/Controller.vhd} w ]
add_files {{C:/Users/40756/Desktop/ALU - SSC/ALU - SSC.srcs/sources_1/new/Controller.vhd}}
close [ open {C:/Users/40756/Desktop/ALU - SSC/ALU - SSC.srcs/sources_1/new/DFF.vhd} w ]
add_files {{C:/Users/40756/Desktop/ALU - SSC/ALU - SSC.srcs/sources_1/new/DFF.vhd}}
close [ open {C:/Users/40756/Desktop/ALU - SSC/ALU - SSC.srcs/sources_1/new/Multiplicand.vhd} w ]
add_files {{C:/Users/40756/Desktop/ALU - SSC/ALU - SSC.srcs/sources_1/new/Multiplicand.vhd}}
close [ open {C:/Users/40756/Desktop/ALU - SSC/ALU - SSC.srcs/sources_1/new/MultiplierResult.vhd} w ]
add_files {{C:/Users/40756/Desktop/ALU - SSC/ALU - SSC.srcs/sources_1/new/MultiplierResult.vhd}}
close [ open {C:/Users/40756/Desktop/ALU - SSC/ALU - SSC.srcs/sources_1/new/MultiplierResult.vhd} w ]
add_files {{C:/Users/40756/Desktop/ALU - SSC/ALU - SSC.srcs/sources_1/new/MultiplierResult.vhd}}
close [ open {C:/Users/40756/Desktop/ALU - SSC/ALU - SSC.srcs/sources_1/new/Multiplier.vhd} w ]
add_files {{C:/Users/40756/Desktop/ALU - SSC/ALU - SSC.srcs/sources_1/new/Multiplier.vhd}}
remove_files  {{C:/Users/40756/Desktop/ALU - SSC/ALU - SSC.srcs/sources_1/new/Multiplicand.vhd}}
file delete -force {C:/Users/40756/Desktop/ALU - SSC/ALU - SSC.srcs/sources_1/new/Multiplicand.vhd}
remove_files  {{C:/Users/40756/Desktop/ALU - SSC/ALU - SSC.srcs/sources_1/new/Controller.vhd}}
file delete -force {C:/Users/40756/Desktop/ALU - SSC/ALU - SSC.srcs/sources_1/new/Controller.vhd}
remove_files  {{C:/Users/40756/Desktop/ALU - SSC/ALU - SSC.srcs/sources_1/new/DFF.vhd}}
file delete -force {C:/Users/40756/Desktop/ALU - SSC/ALU - SSC.srcs/sources_1/new/DFF.vhd}
remove_files  {{C:/Users/40756/Desktop/ALU - SSC/ALU - SSC.srcs/sources_1/new/Multiplier.vhd}}
file delete -force {C:/Users/40756/Desktop/ALU - SSC/ALU - SSC.srcs/sources_1/new/Multiplier.vhd}
remove_files  {{C:/Users/40756/Desktop/ALU - SSC/ALU - SSC.srcs/sources_1/new/MultiplierResult.vhd}}
file delete -force {C:/Users/40756/Desktop/ALU - SSC/ALU - SSC.srcs/sources_1/new/MultiplierResult.vhd}
close_sim
launch_simulation
source CLA_TestBench.tcl
close [ open {C:/Users/40756/Desktop/ALU - SSC/ALU - SSC.srcs/sources_1/new/Booth8.vhd} w ]
add_files {{C:/Users/40756/Desktop/ALU - SSC/ALU - SSC.srcs/sources_1/new/Booth8.vhd}}
close [ open {C:/Users/40756/Desktop/ALU - SSC/ALU - SSC.srcs/sources_1/new/Booth.vhd} w ]
add_files {{C:/Users/40756/Desktop/ALU - SSC/ALU - SSC.srcs/sources_1/new/Booth.vhd}}
close [ open {C:/Users/40756/Desktop/ALU - SSC/ALU - SSC.srcs/sources_1/new/AND2.vhd} w ]
add_files {{C:/Users/40756/Desktop/ALU - SSC/ALU - SSC.srcs/sources_1/new/AND2.vhd}}
close [ open {C:/Users/40756/Desktop/ALU - SSC/ALU - SSC.srcs/sources_1/new/NOT1.vhd} w ]
add_files {{C:/Users/40756/Desktop/ALU - SSC/ALU - SSC.srcs/sources_1/new/NOT1.vhd}}
close [ open {C:/Users/40756/Desktop/ALU - SSC/ALU - SSC.srcs/sources_1/new/NAND2.vhd} w ]
add_files {{C:/Users/40756/Desktop/ALU - SSC/ALU - SSC.srcs/sources_1/new/NAND2.vhd}}
close [ open {C:/Users/40756/Desktop/ALU - SSC/ALU - SSC.srcs/sources_1/new/NAND3.vhd} w ]
add_files {{C:/Users/40756/Desktop/ALU - SSC/ALU - SSC.srcs/sources_1/new/NAND3.vhd}}
close [ open {C:/Users/40756/Desktop/ALU - SSC/ALU - SSC.srcs/sources_1/new/DFF.vhd} w ]
add_files {{C:/Users/40756/Desktop/ALU - SSC/ALU - SSC.srcs/sources_1/new/DFF.vhd}}
close [ open {C:/Users/40756/Desktop/ALU - SSC/ALU - SSC.srcs/sources_1/new/XOR2.vhd} w ]
add_files {{C:/Users/40756/Desktop/ALU - SSC/ALU - SSC.srcs/sources_1/new/XOR2.vhd}}
close [ open {C:/Users/40756/Desktop/ALU - SSC/ALU - SSC.srcs/sources_1/new/OR2.vhd} w ]
add_files {{C:/Users/40756/Desktop/ALU - SSC/ALU - SSC.srcs/sources_1/new/OR2.vhd}}
close [ open {C:/Users/40756/Desktop/ALU - SSC/ALU - SSC.srcs/sources_1/new/booth_decoder.vhd} w ]
add_files {{C:/Users/40756/Desktop/ALU - SSC/ALU - SSC.srcs/sources_1/new/booth_decoder.vhd}}
close [ open {C:/Users/40756/Desktop/ALU - SSC/ALU - SSC.srcs/sources_1/new/twoscomp_9bit.vhd} w ]
add_files {{C:/Users/40756/Desktop/ALU - SSC/ALU - SSC.srcs/sources_1/new/twoscomp_9bit.vhd}}
close [ open {C:/Users/40756/Desktop/ALU - SSC/ALU - SSC.srcs/sources_1/new/increment_9bit.vhd} w ]
add_files {{C:/Users/40756/Desktop/ALU - SSC/ALU - SSC.srcs/sources_1/new/increment_9bit.vhd}}
close [ open {C:/Users/40756/Desktop/ALU - SSC/ALU - SSC.srcs/sources_1/new/halfadd.vhd} w ]
add_files {{C:/Users/40756/Desktop/ALU - SSC/ALU - SSC.srcs/sources_1/new/halfadd.vhd}}
remove_files  {{C:/Users/40756/Desktop/ALU - SSC/ALU - SSC.srcs/sources_1/new/Booth8.vhd}}
file delete -force {C:/Users/40756/Desktop/ALU - SSC/ALU - SSC.srcs/sources_1/new/Booth8.vhd}
close [ open {C:/Users/40756/Desktop/ALU - SSC/ALU - SSC.srcs/sources_1/new/Booth8.vhd} w ]
add_files {{C:/Users/40756/Desktop/ALU - SSC/ALU - SSC.srcs/sources_1/new/Booth8.vhd}}
remove_files  {{C:/Users/40756/Desktop/ALU - SSC/ALU - SSC.srcs/sources_1/new/Booth8.vhd}}
file delete -force {C:/Users/40756/Desktop/ALU - SSC/ALU - SSC.srcs/sources_1/new/Booth8.vhd}
close [ open {C:/Users/40756/Desktop/ALU - SSC/ALU - SSC.srcs/sources_1/new/ba_dut.vhd} w ]
add_files {{C:/Users/40756/Desktop/ALU - SSC/ALU - SSC.srcs/sources_1/new/ba_dut.vhd}}
close [ open {C:/Users/40756/Desktop/ALU - SSC/ALU - SSC.srcs/sources_1/new/operand_register.vhd} w ]
add_files {{C:/Users/40756/Desktop/ALU - SSC/ALU - SSC.srcs/sources_1/new/operand_register.vhd}}
close [ open {C:/Users/40756/Desktop/ALU - SSC/ALU - SSC.srcs/sources_1/new/operand_register_16bit.vhd} w ]
add_files {{C:/Users/40756/Desktop/ALU - SSC/ALU - SSC.srcs/sources_1/new/operand_register_16bit.vhd}}
close [ open {C:/Users/40756/Desktop/ALU - SSC/ALU - SSC.srcs/sources_1/new/booth_unit_0.vhd} w ]
add_files {{C:/Users/40756/Desktop/ALU - SSC/ALU - SSC.srcs/sources_1/new/booth_unit_0.vhd}}
close [ open {C:/Users/40756/Desktop/ALU - SSC/ALU - SSC.srcs/sources_1/new/booth_unit_1.vhd} w ]
add_files {{C:/Users/40756/Desktop/ALU - SSC/ALU - SSC.srcs/sources_1/new/booth_unit_1.vhd}}
close [ open {C:/Users/40756/Desktop/ALU - SSC/ALU - SSC.srcs/sources_1/new/booth_unit_2.vhd} w ]
add_files {{C:/Users/40756/Desktop/ALU - SSC/ALU - SSC.srcs/sources_1/new/booth_unit_2.vhd}}
close [ open {C:/Users/40756/Desktop/ALU - SSC/ALU - SSC.srcs/sources_1/new/booth_unit_3.vhd} w ]
add_files {{C:/Users/40756/Desktop/ALU - SSC/ALU - SSC.srcs/sources_1/new/booth_unit_3.vhd}}
close [ open {C:/Users/40756/Desktop/ALU - SSC/ALU - SSC.srcs/sources_1/new/barrel_shift9bit.vhd} w ]
add_files {{C:/Users/40756/Desktop/ALU - SSC/ALU - SSC.srcs/sources_1/new/barrel_shift9bit.vhd}}
close [ open {C:/Users/40756/Desktop/ALU - SSC/ALU - SSC.srcs/sources_1/new/two_to_one_mux.vhd} w ]
add_files {{C:/Users/40756/Desktop/ALU - SSC/ALU - SSC.srcs/sources_1/new/two_to_one_mux.vhd}}
close [ open {C:/Users/40756/Desktop/ALU - SSC/ALU - SSC.srcs/sources_1/new/booth_adder.vhd} w ]
add_files {{C:/Users/40756/Desktop/ALU - SSC/ALU - SSC.srcs/sources_1/new/booth_adder.vhd}}
close [ open {C:/Users/40756/Desktop/ALU - SSC/ALU - SSC.srcs/sources_1/new/csa_2bit_block.vhd} w ]
add_files {{C:/Users/40756/Desktop/ALU - SSC/ALU - SSC.srcs/sources_1/new/csa_2bit_block.vhd}}
close [ open {C:/Users/40756/Desktop/ALU - SSC/ALU - SSC.srcs/sources_1/new/csa_4bit_block.vhd} w ]
add_files {{C:/Users/40756/Desktop/ALU - SSC/ALU - SSC.srcs/sources_1/new/csa_4bit_block.vhd}}
close [ open {C:/Users/40756/Desktop/ALU - SSC/ALU - SSC.srcs/sources_1/new/csa_10bit.vhd} w ]
add_files {{C:/Users/40756/Desktop/ALU - SSC/ALU - SSC.srcs/sources_1/new/csa_10bit.vhd}}
close [ open {C:/Users/40756/Desktop/ALU - SSC/ALU - SSC.srcs/sources_1/new/csa_12bit.vhd} w ]
add_files {{C:/Users/40756/Desktop/ALU - SSC/ALU - SSC.srcs/sources_1/new/csa_12bit.vhd}}
close [ open {C:/Users/40756/Desktop/ALU - SSC/ALU - SSC.srcs/sources_1/new/csa_14bit.vhd} w ]
add_files {{C:/Users/40756/Desktop/ALU - SSC/ALU - SSC.srcs/sources_1/new/csa_14bit.vhd}}
close [ open {C:/Users/40756/Desktop/ALU - SSC/ALU - SSC.srcs/sources_1/new/rca_4bit.vhd} w ]
add_files {{C:/Users/40756/Desktop/ALU - SSC/ALU - SSC.srcs/sources_1/new/rca_4bit.vhd}}
remove_files  {{C:/Users/40756/Desktop/ALU - SSC/ALU - SSC.srcs/sources_1/new/rca_4bit.vhd}}
file delete -force {C:/Users/40756/Desktop/ALU - SSC/ALU - SSC.srcs/sources_1/new/rca_4bit.vhd}
close [ open {C:/Users/40756/Desktop/ALU - SSC/ALU - SSC.srcs/sources_1/new/rca_4bit_block.vhd} w ]
add_files {{C:/Users/40756/Desktop/ALU - SSC/ALU - SSC.srcs/sources_1/new/rca_4bit_block.vhd}}
close [ open {C:/Users/40756/Desktop/ALU - SSC/ALU - SSC.srcs/sources_1/new/fulladder.vhd} w ]
add_files {{C:/Users/40756/Desktop/ALU - SSC/ALU - SSC.srcs/sources_1/new/fulladder.vhd}}
set_property SOURCE_SET sources_1 [get_filesets sim_1]
close [ open {C:/Users/40756/Desktop/ALU - SSC/ALU - SSC.srcs/sim_1/new/Booth_tb.vhd} w ]
add_files -fileset sim_1 {{C:/Users/40756/Desktop/ALU - SSC/ALU - SSC.srcs/sim_1/new/Booth_tb.vhd}}
set_property -name {xsim.simulate.runtime} -value {1000ns} -objects [get_filesets sim_1]
close_sim
launch_simulation
source CLA_TestBench.tcl
close_sim
launch_simulation
source CLA_TestBench.tcl
set_property top Booth_tb [get_filesets sim_1]
set_property top_lib xil_defaultlib [get_filesets sim_1]
launch_simulation
source Booth_tb.tcl
close_sim
launch_simulation
source Booth_tb.tcl
close_sim
launch_simulation
source Booth_tb.tcl
close_sim
close_sim
